2021-05-25 11:49:36,141|script | INFO | log test
2021-05-25 11:49:37,141|script | INFO | log test
2021-05-25 11:49:38,142|script | INFO | log test
2021-05-25 11:49:39,143|script | INFO | log test
2021-05-25 11:49:40,144|script | INFO | log test
2021-05-25 11:49:41,144|script | INFO | log test
2021-05-25 11:49:42,144|script | INFO | log test
2021-05-25 11:49:43,145|script | INFO | log test
2021-05-25 11:49:44,145|script | INFO | log test
2021-05-25 11:49:45,146|script | INFO | log test
2021-05-25 11:50:57,637|script | INFO | log test
2021-05-25 11:50:58,638|script | INFO | log test
2021-05-25 11:50:59,639|script | INFO | log test
2021-05-25 11:51:00,639|script | INFO | log test
2021-05-25 11:51:01,640|script | INFO | log test
2021-05-25 11:51:02,640|script | INFO | log test
2021-05-25 11:51:03,642|script | INFO | log test
2021-05-25 11:51:04,643|script | INFO | log test
2021-05-25 11:51:05,645|script | INFO | log test
2021-05-25 11:51:06,645|script | INFO | log test
2021-05-25 11:51:19,137|script | INFO | log test
2021-05-25 11:51:20,138|script | INFO | log test
2021-05-25 11:51:21,139|script | INFO | log test
2021-05-25 11:51:22,140|script | INFO | log test
2021-05-25 11:51:23,141|script | INFO | log test
2021-05-25 11:51:24,142|script | INFO | log test
2021-05-25 11:51:25,142|script | INFO | log test
2021-05-25 11:51:26,143|script | INFO | log test
2021-05-25 11:51:27,143|script | INFO | log test
2021-05-25 11:51:28,144|script | INFO | log test
2021-05-25 11:53:32,831|INFO|G:/python/sendsms/test.py|44|log test
2021-05-25 11:53:33,832|INFO|G:/python/sendsms/test.py|44|log test
2021-05-25 11:53:34,833|INFO|G:/python/sendsms/test.py|44|log test
2021-05-25 11:53:35,833|INFO|G:/python/sendsms/test.py|44|log test
2021-05-25 11:53:36,834|INFO|G:/python/sendsms/test.py|44|log test
2021-05-25 11:53:37,834|INFO|G:/python/sendsms/test.py|44|log test
2021-05-25 11:53:38,835|INFO|G:/python/sendsms/test.py|44|log test
2021-05-25 11:53:39,835|INFO|G:/python/sendsms/test.py|44|log test
2021-05-25 11:53:40,835|INFO|G:/python/sendsms/test.py|44|log test
2021-05-25 11:53:41,836|INFO|G:/python/sendsms/test.py|44|log test
